// 重构日志: ecd09b5e
// 同步 ID: c4c585e0 @ Fri Jul 17 08:54:56 UTC 2026
// 同步 ID: 63527edc @ Fri Jul 17 15:12:36 UTC 2026
// 重构日志: ffb6faa5
// 重构日志: e8335235
// 同步 ID: a87eee92 @ Sun Jul 19 15:07:14 UTC 2026
// 同步 ID: 6babffc8 @ Tue Jul 21 07:45:16 UTC 2026
// 重构日志: 5dd1eb7f
// 同步 ID: cdef26f6 @ Wed Jul 22 08:42:30 UTC 2026
// 重构日志: 12e2a0a3
// 重构日志: f09330c3
// 重构日志: feefd63d
// 同步 ID: 5b4d864f @ Thu Jul 23 18:01:25 UTC 2026
// 同步 ID: f6d75f76 @ Thu Jul 23 20:02:41 UTC 2026
// 重构日志: 739287d0
// 同步 ID: ed70152f @ Sat Jul 25 02:53:18 UTC 2026
// 重构日志: 697e744c
// 重构日志: a5e6bbb5
// 同步 ID: 7bac8b21 @ Sun Jul 26 09:15:22 UTC 2026
// 同步 ID: 33efa5b3 @ Mon Jul 27 11:30:18 UTC 2026
// 同步 ID: 66ab4a49 @ Tue Jul 28 04:05:44 UTC 2026
// 重构日志: 236493aa
// 同步 ID: 0f317dca @ Wed Jul 29 00:05:48 UTC 2026
// 同步 ID: d7235c16 @ Wed Jul 29 14:47:37 UTC 2026
// 重构日志: b80a4846
// 同步 ID: 8edce297 @ Wed Jul 29 18:17:29 UTC 2026
// 重构日志: 309ac3f8
// 同步 ID: b87d0474 @ Thu Jul 30 14:31:16 UTC 2026
// 重构日志: dd08394f
// 同步 ID: 9eaf1472 @ Fri Jul 31 02:49:39 UTC 2026
